--------------------------------------------------------------------------------
Quads
0 : function printi start
1 : function printi end
2 : function prints start
3 : function prints end
4 : function readi start
5 : function readi end
6 : function main start
7 : t0 = 3
8 : b = t0b = t0
9 : t1= &b
10 : e = t1e = t1
11 : param .LC0
12 : call prints 1
13 : t2= &x
14 : param t2
15 : call readi 1
16 : a = readia = readi
17 : param .LC1
18 : call prints 1
19 : t3= &x
20 : param t3
21 : call readi 1
22 : b = readib = readi
23 : param .LC2
24 : call prints 1
25 : a+b
26 : param t4
27 : call printi 1
28 : param .LC3
29 : call prints 1
30 : a-b
31 : param t5
32 : call printi 1
33 : param .LC4
34 : call prints 1
35 : a*b
36 : param t6
37 : call printi 1
38 : param .LC5
39 : call prints 1
40 : a%b
41 : param t7
42 : call printi 1
43 : param .LC6
44 : call prints 1
45 : t8 = 0
46 : return t8
47 : function main end
================================================================================
	Symbol Table (ST.gbl)
================================================================================
NAME	VARTYPE	SIZE	OFFSET	INITVAL
--------------------------------------------------------------------------------
printi		4	0	NULL
prints		4	4	NULL
readi		4	8	NULL
main		0	12	NULL
--------------------------------------------------------------------------------
--------------------------------------------------------------------------------
================================================================================
	Symbol Table 	printi
================================================================================
NAME	VARTYPE	SIZE	OFFSET	INITVAL
--------------------------------------------------------------------------------
num		4	0	NULL
retVal		4	4	NULL
--------------------------------------------------------------------------------
--------------------------------------------------------------------------------
================================================================================
	Symbol Table 	prints
================================================================================
NAME	VARTYPE	SIZE	OFFSET	INITVAL
--------------------------------------------------------------------------------
c		1	0	NULL
retVal		4	1	NULL
--------------------------------------------------------------------------------
--------------------------------------------------------------------------------
================================================================================
	Symbol Table 	readi
================================================================================
NAME	VARTYPE	SIZE	OFFSET	INITVAL
--------------------------------------------------------------------------------
eP		4	0	NULL
retVal		4	4	NULL
--------------------------------------------------------------------------------
--------------------------------------------------------------------------------
================================================================================
	Symbol Table 	main
================================================================================
NAME	VARTYPE	SIZE	OFFSET	INITVAL
--------------------------------------------------------------------------------
a	*		8	12	NULL
b	*		8	20	NULL
x	*		8	28	NULL
e		4	36	NULL
t0		4	40	3
t1			8	44	NULL
prints		4	52	NULL
.LC0		4	56	NULL
readi		4	60	NULL
t2			8	64	NULL
.LC1		4	72	NULL
t3			8	76	NULL
.LC2		4	84	NULL
printi		4	88	NULL
t4		4	92	NULL
.LC3		4	96	NULL
t5		4	100	NULL
.LC4		4	104	NULL
t6		4	108	NULL
.LC5		4	112	NULL
t7		4	116	NULL
.LC6		4	120	NULL
t8		4	124	0
retVal		4	128	NULL
--------------------------------------------------------------------------------
--------------------------------------------------------------------------------
--------------------------------------------------------------------------------
Compiled successfully
--------------------------------------------------------------------------------
