--------------------------------------------------------------------------------
Quads
0 : function printi start
1 : function printi end
2 : function prints start
3 : function prints end
4 : function readi start
5 : function readi end
6 : function gcd start
7 : goto 18
8 : m%n
9 : a = t0a = t0
10 : n = param n
11 : a = param a
12 : call gcd 2
13 : b = gcdb = gcd
14 : b = return b
15 : goto 20
16 : m = return m
17 : goto 20
18 : if n == 0 goto 16
19 : 8 = goto 8
20 : function gcd end
21 : function main start
22 : param .LC0
23 : call prints 1
24 : t1= &p
25 : param t1
26 : call readi 1
27 : a = readia = readi
28 : param .LC1
29 : call prints 1
30 : t2= &p
31 : param t2
32 : call readi 1
33 : b = readib = readi
34 : param .LC2
35 : call prints 1
36 : a = param a
37 : call printi 1
38 : param .LC3
39 : call prints 1
40 : b = param b
41 : call printi 1
42 : param .LC4
43 : call prints 1
44 : a = param a
45 : b = param b
46 : call gcd 2
47 : c = gcdc = gcd
48 : c = param c
49 : call printi 1
50 : param .LC5
51 : call prints 1
52 : t3 = 0
53 : return t3
54 : function main end
================================================================================
	Symbol Table (ST.gbl)
================================================================================
NAME	VARTYPE	SIZE	OFFSET	INITVAL
--------------------------------------------------------------------------------
printi		4	0	NULL
prints		4	4	NULL
readi		4	8	NULL
gcd		0	12	NULL
main		0	12	NULL
--------------------------------------------------------------------------------
--------------------------------------------------------------------------------
================================================================================
	Symbol Table 	printi
================================================================================
NAME	VARTYPE	SIZE	OFFSET	INITVAL
--------------------------------------------------------------------------------
num		4	0	NULL
retVal		4	4	NULL
--------------------------------------------------------------------------------
--------------------------------------------------------------------------------
================================================================================
	Symbol Table 	prints
================================================================================
NAME	VARTYPE	SIZE	OFFSET	INITVAL
--------------------------------------------------------------------------------
c		1	0	NULL
retVal		4	1	NULL
--------------------------------------------------------------------------------
--------------------------------------------------------------------------------
================================================================================
	Symbol Table 	readi
================================================================================
NAME	VARTYPE	SIZE	OFFSET	INITVAL
--------------------------------------------------------------------------------
eP		4	0	NULL
retVal		4	4	NULL
--------------------------------------------------------------------------------
--------------------------------------------------------------------------------
================================================================================
	Symbol Table 	gcd
================================================================================
NAME	VARTYPE	SIZE	OFFSET	INITVAL
--------------------------------------------------------------------------------
m		4	0	NULL
n		4	4	NULL
a		4	8	NULL
b		4	12	NULL
t0		4	16	NULL
gcd		4	20	NULL
retVal		4	24	NULL
--------------------------------------------------------------------------------
--------------------------------------------------------------------------------
================================================================================
	Symbol Table 	main
================================================================================
NAME	VARTYPE	SIZE	OFFSET	INITVAL
--------------------------------------------------------------------------------
a		4	0	NULL
b		4	4	NULL
c		4	8	NULL
p		4	12	NULL
prints		4	16	NULL
.LC0		4	20	NULL
readi		4	24	NULL
t1			8	28	NULL
.LC1		4	36	NULL
t2			8	40	NULL
.LC2		4	48	NULL
printi		4	52	NULL
.LC3		4	56	NULL
.LC4		4	60	NULL
gcd		4	64	NULL
.LC5		4	68	NULL
t3		4	72	0
retVal		4	76	NULL
--------------------------------------------------------------------------------
--------------------------------------------------------------------------------
--------------------------------------------------------------------------------
Compiled successfully
--------------------------------------------------------------------------------
