--------------------------------------------------------------------------------
Quads
0 : function printi start
1 : function printi end
2 : function prints start
3 : function prints end
4 : function readi start
5 : function readi end
6 : function main start
7 : t0 = 10
8 : t1 = 10
9 : param .LC0
10 : call prints 1
11 : t2= &p
12 : param t2
13 : call readi 1
14 : n = readin = readi
15 : param .LC1
16 : call prints 1
17 : t3 = 0
18 : i = t3i = t3
19 : if i <n goto 25
20 : goto 35
21 : goto 35
22 : t5 = i
23 : i = ii+1
24 : goto 19
25 : t6= &p
26 : param t6
27 : call readi 1
28 : x = readix = readi
29 : t7 = 0
30 : t7*0
31 : t7+i
32 : t7*4
33 : a = xa[t7] = x
34 : goto 22
35 : param .LC2
36 : call prints 1
37 : t8 = 0
38 : i = t8i = t8
39 : if i <n goto 45
40 : goto 55
41 : goto 55
42 : t10 = i
43 : i = ii+1
44 : goto 39
45 : t11= &p
46 : param t11
47 : call readi 1
48 : x = readix = readi
49 : t12 = 0
50 : t12*0
51 : t12+i
52 : t12*4
53 : b = xb[t12] = x
54 : goto 42
55 : param .LC3
56 : call prints 1
57 : t13 = 0
58 : i = t13i = t13
59 : if i <n goto 65
60 : goto 84
61 : goto 84
62 : t15 = i
63 : i = ii+1
64 : goto 59
65 : t16 = 0
66 : t16*0
67 : t16+i
68 : t16*4
69 : t17 = a[t16]
70 : x = t17x = t17
71 : t18 = 0
72 : t18*0
73 : t18+i
74 : t18*4
75 : t19 = b[t18]
76 : y = t19y = t19
77 : x%y
78 : z = t20z = t20
79 : z = param z
80 : call printi 1
81 : param .LC4
82 : call prints 1
83 : goto 62
84 : param .LC5
85 : call prints 1
86 : t21 = 0
87 : return t21
88 : function main end
================================================================================
	Symbol Table (ST.gbl)
================================================================================
NAME	VARTYPE	SIZE	OFFSET	INITVAL
--------------------------------------------------------------------------------
printi		4	0	NULL
prints		4	4	NULL
readi		4	8	NULL
main		0	12	NULL
--------------------------------------------------------------------------------
--------------------------------------------------------------------------------
================================================================================
	Symbol Table 	printi
================================================================================
NAME	VARTYPE	SIZE	OFFSET	INITVAL
--------------------------------------------------------------------------------
num		4	0	NULL
retVal		4	4	NULL
--------------------------------------------------------------------------------
--------------------------------------------------------------------------------
================================================================================
	Symbol Table 	prints
================================================================================
NAME	VARTYPE	SIZE	OFFSET	INITVAL
--------------------------------------------------------------------------------
c		1	0	NULL
retVal		4	1	NULL
--------------------------------------------------------------------------------
--------------------------------------------------------------------------------
================================================================================
	Symbol Table 	readi
================================================================================
NAME	VARTYPE	SIZE	OFFSET	INITVAL
--------------------------------------------------------------------------------
eP		4	0	NULL
retVal		4	4	NULL
--------------------------------------------------------------------------------
--------------------------------------------------------------------------------
================================================================================
	Symbol Table 	main
================================================================================
NAME	VARTYPE	SIZE	OFFSET	INITVAL
--------------------------------------------------------------------------------
t0		4	0	10
a	int		40	4	NULL
t1		4	44	10
b	int		40	48	NULL
p		4	88	NULL
n		4	92	NULL
x		4	96	NULL
i		4	100	NULL
y		4	104	NULL
z		4	108	NULL
prints		4	112	NULL
.LC0		4	116	NULL
readi		4	120	NULL
t2			8	124	NULL
.LC1		4	132	NULL
t3		4	136	0
t4		0	140	NULL
t5		4	140	NULL
t6			8	144	NULL
t7		4	152	NULL
.LC2		4	156	NULL
t8		4	160	0
t9		0	164	NULL
t10		4	164	NULL
t11			8	168	NULL
t12		4	176	NULL
.LC3		4	180	NULL
t13		4	184	0
t14		0	188	NULL
t15		4	188	NULL
t16		4	192	NULL
t17	int		4	196	NULL
t18		4	200	NULL
t19	int		4	204	NULL
t20		4	208	NULL
printi		4	212	NULL
.LC4		4	216	NULL
.LC5		4	220	NULL
t21		4	224	0
retVal		4	228	NULL
--------------------------------------------------------------------------------
--------------------------------------------------------------------------------
--------------------------------------------------------------------------------
Compiled successfully
--------------------------------------------------------------------------------
