--------------------------------------------------------------------------------
Quads
0 : function printi start
1 : function printi end
2 : function prints start
3 : function prints end
4 : function readi start
5 : function readi end
6 : function factorial start
7 : t0 = 0
8 : if n ==t0 goto 11
9 : goto 14
10 : goto 20
11 : t2 = 1
12 : return t2
13 : goto 20
14 : t3 = 1
15 : n-t3
16 : param t4
17 : call factorial 1
18 : x = factorialx = factorial
19 : goto 20
20 : n*x
21 : return t5
22 : function factorial end
23 : function main start
24 : param .LC0
25 : call prints 1
26 : t6= &p
27 : param t6
28 : call readi 1
29 : num = readi
30 : t7 = 20
31 : if num >t7 goto 34
32 : goto 37
33 : goto 49
34 : param .LC1
35 : call prints 1
36 : goto 49
37 : param num
38 : call factorial 1
39 : fact = factorial
40 : param num
41 : call printi 1
42 : param .LC2
43 : call prints 1
44 : param fact
45 : call printi 1
46 : param .LC3
47 : call prints 1
48 : goto 49
49 : t9 = 0
50 : return t9
51 : function main end
================================================================================
	Symbol Table (ST.gbl)
================================================================================
NAME	VARTYPE	SIZE	OFFSET	INITVAL
--------------------------------------------------------------------------------
printi		4	0	NULL
prints		4	4	NULL
readi		4	8	NULL
factorial		0	12	NULL
main		0	12	NULL
--------------------------------------------------------------------------------
--------------------------------------------------------------------------------
================================================================================
	Symbol Table 	printi
================================================================================
NAME	VARTYPE	SIZE	OFFSET	INITVAL
--------------------------------------------------------------------------------
num		4	0	NULL
retVal		4	4	NULL
--------------------------------------------------------------------------------
--------------------------------------------------------------------------------
================================================================================
	Symbol Table 	prints
================================================================================
NAME	VARTYPE	SIZE	OFFSET	INITVAL
--------------------------------------------------------------------------------
c		1	0	NULL
retVal		4	1	NULL
--------------------------------------------------------------------------------
--------------------------------------------------------------------------------
================================================================================
	Symbol Table 	readi
================================================================================
NAME	VARTYPE	SIZE	OFFSET	INITVAL
--------------------------------------------------------------------------------
eP		4	0	NULL
retVal		4	4	NULL
--------------------------------------------------------------------------------
--------------------------------------------------------------------------------
================================================================================
	Symbol Table 	factorial
================================================================================
NAME	VARTYPE	SIZE	OFFSET	INITVAL
--------------------------------------------------------------------------------
n		4	0	NULL
t0		4	4	0
t1		0	8	NULL
t2		4	8	1
retVal		4	12	NULL
x		4	16	NULL
factorial		4	20	NULL
t3		4	24	1
t4		4	28	NULL
t5		4	32	NULL
--------------------------------------------------------------------------------
--------------------------------------------------------------------------------
================================================================================
	Symbol Table 	main
================================================================================
NAME	VARTYPE	SIZE	OFFSET	INITVAL
--------------------------------------------------------------------------------
num		4	0	NULL
fact		4	4	NULL
prints		4	8	NULL
.LC0		4	12	NULL
p		4	16	NULL
readi		4	20	NULL
t6			8	24	NULL
t7		4	32	20
t8		0	36	NULL
.LC1		4	36	NULL
factorial		4	40	NULL
printi		4	44	NULL
.LC2		4	48	NULL
.LC3		4	52	NULL
t9		4	56	0
retVal		4	60	NULL
--------------------------------------------------------------------------------
--------------------------------------------------------------------------------
--------------------------------------------------------------------------------
Compiled successfully
--------------------------------------------------------------------------------
