--------------------------------------------------------------------------------
Quads
0 : function printi start
1 : function printi end
2 : function readi start
3 : function readi end
4 : function prints start
5 : function prints end
6 : function fibonaci start
7 : t0 = 2
8 : if i <t0 goto 11
9 : goto 13
10 : goto 13
11 : i = return i
12 : goto 13
13 : t2 = 1
14 : i-t2
15 : param t3
16 : call fibonaci 1
17 : a = fibonacia = fibonaci
18 : t4 = 2
19 : i-t4
20 : param t5
21 : call fibonaci 1
22 : b = fibonacib = fibonaci
23 : a+b
24 : c = t6c = t6
25 : c = return c
26 : function fibonaci end
27 : function main start
28 : param .LC0
29 : call prints 1
30 : t7= &p
31 : param t7
32 : call readi 1
33 : num = readi
34 : t8 = 20
35 : if num >t8 goto 38
36 : goto 41
37 : goto 55
38 : param .LC1
39 : call prints 1
40 : goto 55
41 : param num
42 : call fibonaci 1
43 : fib = fibonaci
44 : param .LC2
45 : call prints 1
46 : param num
47 : call printi 1
48 : param .LC3
49 : call prints 1
50 : param fib
51 : call printi 1
52 : param .LC4
53 : call prints 1
54 : goto 55
55 : t10 = 0
56 : return t10
57 : function main end
================================================================================
	Symbol Table (ST.gbl)
================================================================================
NAME	VARTYPE	SIZE	OFFSET	INITVAL
--------------------------------------------------------------------------------
printi		4	0	NULL
readi		4	4	NULL
prints		4	8	NULL
fibonaci		0	12	NULL
main		0	12	NULL
--------------------------------------------------------------------------------
--------------------------------------------------------------------------------
================================================================================
	Symbol Table 	printi
================================================================================
NAME	VARTYPE	SIZE	OFFSET	INITVAL
--------------------------------------------------------------------------------
n		4	0	NULL
retVal		4	4	NULL
--------------------------------------------------------------------------------
--------------------------------------------------------------------------------
================================================================================
	Symbol Table 	readi
================================================================================
NAME	VARTYPE	SIZE	OFFSET	INITVAL
--------------------------------------------------------------------------------
eP		4	0	NULL
retVal		4	4	NULL
--------------------------------------------------------------------------------
--------------------------------------------------------------------------------
================================================================================
	Symbol Table 	prints
================================================================================
NAME	VARTYPE	SIZE	OFFSET	INITVAL
--------------------------------------------------------------------------------
str		1	0	NULL
retVal		4	1	NULL
--------------------------------------------------------------------------------
--------------------------------------------------------------------------------
================================================================================
	Symbol Table 	fibonaci
================================================================================
NAME	VARTYPE	SIZE	OFFSET	INITVAL
--------------------------------------------------------------------------------
i		4	0	NULL
t0		4	4	2
t1		0	8	NULL
retVal		4	8	NULL
a		4	12	NULL
b		4	16	NULL
c		4	20	NULL
fibonaci		4	24	NULL
t2		4	28	1
t3		4	32	NULL
t4		4	36	2
t5		4	40	NULL
t6		4	44	NULL
--------------------------------------------------------------------------------
--------------------------------------------------------------------------------
================================================================================
	Symbol Table 	main
================================================================================
NAME	VARTYPE	SIZE	OFFSET	INITVAL
--------------------------------------------------------------------------------
num		4	0	NULL
fib		4	4	NULL
prints		4	8	NULL
.LC0		4	12	NULL
p		4	16	NULL
readi		4	20	NULL
t7			8	24	NULL
t8		4	32	20
t9		0	36	NULL
.LC1		4	36	NULL
fibonaci		4	40	NULL
.LC2		4	44	NULL
printi		4	48	NULL
.LC3		4	52	NULL
.LC4		4	56	NULL
t10		4	60	0
retVal		4	64	NULL
--------------------------------------------------------------------------------
--------------------------------------------------------------------------------
--------------------------------------------------------------------------------
Compiled successfully
--------------------------------------------------------------------------------
